[    0.000000] Initializing cgroup subsys cpuset
[    0.000000] Initializing cgroup subsys cpu
[    0.000000] Initializing cgroup subsys cpuacct
[    0.000000] Linux version 4.4.0-210-generic (buildd@lgw01-amd64-009) (gcc version 5.4.0 20160609 (Ubuntu 5.4.0-6ubuntu1~16.04.12) ) #242-Ubuntu SMP Fri Apr 16 09:57:56 UTC 2021 (Ubuntu 4.4.0-210.242-generic 4.4.262)
[    0.000000] Command line: BOOT_IMAGE=/boot/vmlinuz-4.4.0-210-generic root=LABEL=cloudimg-rootfs ro console=tty1 console=ttyS0
[    0.000000] KERNEL supported cpus:
[    0.000000]   Intel GenuineIntel
[    0.000000]   AMD AuthenticAMD
[    0.000000]   Centaur CentaurHauls
[    0.000000] x86/fpu: Legacy x87 FPU detected.
[    0.000000] e820: BIOS-provided physical RAM map:
[    0.000000] BIOS-e820: [mem 0x0000000000000000-0x000000000009fbff] usable
[    0.000000] BIOS-e820: [mem 0x000000000009fc00-0x000000000009ffff] reserved
[    0.000000] BIOS-e820: [mem 0x00000000000f0000-0x00000000000fffff] reserved
[    0.000000] BIOS-e820: [mem 0x0000000000100000-0x000000003ffeffff] usable
[    0.000000] BIOS-e820: [mem 0x000000003fff0000-0x000000003fffffff] ACPI data
[    0.000000] BIOS-e820: [mem 0x00000000fec00000-0x00000000fec00fff] reserved
[    0.000000] BIOS-e820: [mem 0x00000000fee00000-0x00000000fee00fff] reserved
[    0.000000] BIOS-e820: [mem 0x00000000fffc0000-0x00000000ffffffff] reserved
[    0.000000] NX (Execute Disable) protection: active
[    0.000000] SMBIOS 2.5 present.
[    0.000000] Hypervisor detected: KVM
[    0.000000] Kernel/User page tables isolation: disabled
[    0.000000] e820: last_pfn = 0x3fff0 max_arch_pfn = 0x400000000
[    0.000000] MTRR: Disabled
[    0.000000] x86/PAT: MTRRs disabled, skipping PAT initialization too.
[    0.000000] CPU MTRRs all blank - virtualized system.
[    0.000000] x86/PAT: Configuration [0-7]: WB  WT  UC- UC  WB  WT  UC- UC  
[    0.000000] found SMP MP-table at [mem 0x0009fff0-0x0009ffff] mapped at [ffff88000009fff0]
[    0.000000] Scanning 1 areas for low memory corruption
[    0.000000] RAMDISK: [mem 0x362dc000-0x37165fff]
[    0.000000] ACPI: Early table checksum verification disabled
[    0.000000] ACPI: RSDP 0x00000000000E0000 000024 (v02 VBOX  )
[    0.000000] ACPI: XSDT 0x000000003FFF0030 00003C (v01 VBOX   VBOXXSDT 00000001 ASL  00000061)
[    0.000000] ACPI: FACP 0x000000003FFF00F0 0000F4 (v04 VBOX   VBOXFACP 00000001 ASL  00000061)
[    0.000000] ACPI: DSDT 0x000000003FFF0610 002353 (v02 VBOX   VBOXBIOS 00000002 INTL 20100528)
[    0.000000] ACPI: FACS 0x000000003FFF0200 000040
[    0.000000] ACPI: FACS 0x000000003FFF0200 000040
[    0.000000] ACPI: APIC 0x000000003FFF0240 00005C (v02 VBOX   VBOXAPIC 00000001 ASL  00000061)
[    0.000000] ACPI: SSDT 0x000000003FFF02A0 00036C (v01 VBOX   VBOXCPUT 00000002 INTL 20100528)
[    0.000000] No NUMA configuration found
[    0.000000] Faking a node at [mem 0x0000000000000000-0x000000003ffeffff]
[    0.000000] NODE_DATA(0) allocated [mem 0x3ffeb000-0x3ffeffff]
[    0.000000] kvm-clock: Using msrs 4b564d01 and 4b564d00
[    0.000000] kvm-clock: cpu 0, msr 0:3ffe3001, primary cpu clock
[    0.000000] kvm-clock: using sched offset of 4581591885 cycles
[    0.000000] clocksource: kvm-clock: mask: 0xffffffffffffffff max_cycles: 0x1cd42e4dffb, max_idle_ns: 881590591483 ns
[    0.000000] Zone ranges:
[    0.000000]   DMA      [mem 0x0000000000001000-0x0000000000ffffff]
[    0.000000]   DMA32    [mem 0x0000000001000000-0x000000003ffeffff]
[    0.000000]   Normal   empty
[    0.000000]   Device   empty
[    0.000000] Movable zone start for each node
[    0.000000] Early memory node ranges
[    0.000000]   node   0: [mem 0x0000000000001000-0x000000000009efff]
[    0.000000]   node   0: [mem 0x0000000000100000-0x000000003ffeffff]
[    0.000000] Initmem setup node 0 [mem 0x0000000000001000-0x000000003ffeffff]
[    0.000000] ACPI: PM-Timer IO Port: 0x4008
[    0.000000] IOAPIC[0]: apic_id 2, version 32, address 0xfec00000, GSI 0-23
[    0.000000] ACPI: INT_SRC_OVR (bus 0 bus_irq 0 global_irq 2 dfl dfl)
[    0.000000] ACPI: INT_SRC_OVR (bus 0 bus_irq 9 global_irq 9 low level)
[    0.000000] Using ACPI (MADT) for SMP configuration information
[    0.000000] smpboot: Allowing 2 CPUs, 0 hotplug CPUs
[    0.000000] PM: Registered nosave memory: [mem 0x00000000-0x00000fff]
[    0.000000] PM: Registered nosave memory: [mem 0x0009f000-0x0009ffff]
[    0.000000] PM: Registered nosave memory: [mem 0x000a0000-0x000effff]
[    0.000000] PM: Registered nosave memory: [mem 0x000f0000-0x000fffff]
[    0.000000] e820: [mem 0x40000000-0xfebfffff] available for PCI devices
[    0.000000] Booting paravirtualized kernel on KVM
[    0.000000] clocksource: refined-jiffies: mask: 0xffffffff max_cycles: 0xffffffff, max_idle_ns: 7645519600211568 ns
[    0.000000] setup_percpu: NR_CPUS:512 nr_cpumask_bits:512 nr_cpu_ids:2 nr_node_ids:1
[    0.000000] PERCPU: Embedded 33 pages/cpu @ffff88003fc00000 s95192 r8192 d31784 u1048576
[    0.000000] Built 1 zonelists in Node order, mobility grouping on.  Total pages: 257912
[    0.000000] Policy zone: DMA32
[    0.000000] Kernel command line: BOOT_IMAGE=/boot/vmlinuz-4.4.0-210-generic root=LABEL=cloudimg-rootfs ro console=tty1 console=ttyS0
[    0.000000] PID hash table entries: 4096 (order: 3, 32768 bytes)
[    0.000000] Memory: 997792K/1048120K available (8644K kernel code, 1332K rwdata, 4044K rodata, 1492K init, 1164K bss, 50328K reserved, 0K cma-reserved)
[    0.000000] SLUB: HWalign=64, Order=0-3, MinObjects=0, CPUs=2, Nodes=1
[    0.000000] Hierarchical RCU implementation.
[    0.000000] 	Build-time adjustment of leaf fanout to 64.
[    0.000000] 	RCU restricting CPUs from NR_CPUS=512 to nr_cpu_ids=2.
[    0.000000] RCU: Adjusting geometry for rcu_fanout_leaf=64, nr_cpu_ids=2
[    0.000000] NR_IRQS:33024 nr_irqs:440 16
[    0.000000] Console: colour VGA+ 80x25
[    0.000000] console [tty1] enabled
[    0.000000] console [ttyS0] enabled
[    0.000000] tsc: Detected 1113.603 MHz processor
[    0.617792] Calibrating delay loop (skipped) preset value.. 2227.20 BogoMIPS (lpj=4454412)
[    0.627478] pid_max: default: 32768 minimum: 301
[    0.635098] ACPI: Core revision 20150930
[    0.641028] ACPI: 2 ACPI AML tables successfully acquired and loaded
[    0.648743] Security Framework initialized
[    0.654556] Yama: becoming mindful.
[    0.658738] AppArmor: AppArmor initialized
[    0.663352] Dentry cache hash table entries: 131072 (order: 8, 1048576 bytes)
[    0.677625] Inode-cache hash table entries: 65536 (order: 7, 524288 bytes)
[    0.690090] Mount-cache hash table entries: 2048 (order: 2, 16384 bytes)
[    0.699914] Mountpoint-cache hash table entries: 2048 (order: 2, 16384 bytes)
[    0.716763] Initializing cgroup subsys io
[    0.724567] Initializing cgroup subsys memory
[    0.731896] Initializing cgroup subsys devices
[    0.738954] Initializing cgroup subsys freezer
[    0.744842] Initializing cgroup subsys net_cls
[    0.752255] Initializing cgroup subsys perf_event
[    0.759382] Initializing cgroup subsys net_prio
[    0.767817] Initializing cgroup subsys hugetlb
[    0.773602] Initializing cgroup subsys pids
[    0.790920] mce: CPU supports 0 MCE banks
[    0.797588] Last level iTLB entries: 4KB 0, 2MB 0, 4MB 0
[    0.803782] Last level dTLB entries: 4KB 0, 2MB 0, 4MB 0, 1GB 0
[    0.811063] Spectre V1 : Mitigation: usercopy/swapgs barriers and __user pointer sanitization
[    0.823837] Spectre V2 : Mitigation: Enhanced IBRS
[    0.831214] Spectre V2 : Spectre v2 / SpectreRSB mitigation: Filling RSB on context switch
[    0.844307] Speculative Store Bypass: Vulnerable
[    0.890074] Freeing SMP alternatives memory: 36K
[    0.979805] ftrace: allocating 32380 entries in 127 pages
[    1.547906] smpboot: APIC(0) Converting physical 0 to logical package 0
[    1.557917] smpboot: Max logical packages: 1
[    1.581953] ..TIMER: vector=0x30 apic1=0 pin1=2 apic2=-1 pin2=-1
[    1.697256] APIC calibration not consistent with PM-Timer: 101ms instead of 100ms
[    1.705829] APIC delta adjusted to PM-Timer: 6323664 (6392191)
[    1.715993] smpboot: CPU0: Intel(R) Celeron(R) N4500 @ 1.10GHz (family: 0x6, model: 0x9c, stepping: 0x0)
[    1.725984] Performance Events: unsupported p6 CPU model 156 no PMU driver, software events only.
[    1.827540] KVM setup paravirtual spinlock
[    1.839604] x86: Booting SMP configuration:
[    1.843820] .... node  #0, CPUs:      #1
[    1.854158] kvm-clock: cpu 1, msr 0:3ffe3041, secondary cpu clock
[    1.869231] mce: CPU supports 0 MCE banks
[    1.873190] TSC synchronization [CPU#0 -> CPU#1]:
[    1.880560] Measured 61880 cycles TSC warp between CPUs, turning off TSC clock.
[    1.888584] tsc: Marking TSC unstable due to check_tsc_sync_source failed
[    0.509629] x86: Booted up 1 node, 2 CPUs
[    0.512013] smpboot: Total of 2 processors activated (4454.41 BogoMIPS)
[    0.524844] devtmpfs: initialized
[    0.534072] evm: security.selinux
[    0.536007] evm: security.SMACK64
[    0.540007] evm: security.SMACK64EXEC
[    0.544005] evm: security.SMACK64TRANSMUTE
[    0.548006] evm: security.SMACK64MMAP
[    0.552008] evm: security.ima
[    0.556009] evm: security.capability
[    0.560634] clocksource: jiffies: mask: 0xffffffff max_cycles: 0xffffffff, max_idle_ns: 7645041785100000 ns
[    0.564027] futex hash table entries: 512 (order: 3, 32768 bytes)
[    0.568569] pinctrl core: initialized pinctrl subsystem
[    0.576521] RTC time: 10:35:13, date: 05/11/23
[    0.581630] NET: Registered protocol family 16
[    0.596014] cpuidle: using governor ladder
[    0.612013] cpuidle: using governor menu
[    0.616009] PCCT header not found.
[    0.620173] ACPI: bus type PCI registered
[    0.624005] acpiphp: ACPI Hot Plug PCI Controller Driver version: 0.5
[    0.628552] PCI: Using configuration type 1 for base access
[    0.656678] ACPI: Added _OSI(Module Device)
[    0.660008] ACPI: Added _OSI(Processor Device)
[    0.664004] ACPI: Added _OSI(3.0 _SCP Extensions)
[    0.668005] ACPI: Added _OSI(Processor Aggregator Device)
[    0.673394] ACPI: Executed 1 blocks of module-level executable AML code
[    0.688103] ACPI: Interpreter enabled
[    0.692018] ACPI: (supports S0 S5)
[    0.696005] ACPI: Using IOAPIC for interrupt routing
[    0.700387] PCI: Using host bridge windows from ACPI; if necessary, use "pci=nocrs" and report a bug
[    0.710755] ACPI: PCI Root Bridge [PCI0] (domain 0000 [bus 00-ff])
[    0.712013] acpi PNP0A03:00: _OSC: OS supports [ASPM ClockPM Segments MSI]
[    0.716663] acpi PNP0A03:00: _OSC: not requesting OS control; OS requires [ExtendedConfig ASPM ClockPM MSI]
[    0.724027] acpi PNP0A03:00: fail to add MMCONFIG information, can't access extended PCI configuration space under this bridge.
[    0.732379] PCI host bridge to bus 0000:00
[    0.736010] pci_bus 0000:00: root bus resource [io  0x0000-0x0cf7 window]
[    0.740007] pci_bus 0000:00: root bus resource [io  0x0d00-0xffff window]
[    0.744006] pci_bus 0000:00: root bus resource [mem 0x000a0000-0x000bffff window]
[    0.748006] pci_bus 0000:00: root bus resource [mem 0x40000000-0xfdffffff window]
[    0.752007] pci_bus 0000:00: root bus resource [bus 00-ff]
[    0.764915] pci 0000:00:01.1: legacy IDE quirk: reg 0x10: [io  0x01f0-0x01f7]
[    0.768011] pci 0000:00:01.1: legacy IDE quirk: reg 0x14: [io  0x03f6]
[    0.772013] pci 0000:00:01.1: legacy IDE quirk: reg 0x18: [io  0x0170-0x0177]
[    0.776008] pci 0000:00:01.1: legacy IDE quirk: reg 0x1c: [io  0x0376]
[    0.808989] pci 0000:00:07.0: quirk: [io  0x4000-0x403f] claimed by PIIX4 ACPI
[    0.812048] pci 0000:00:07.0: quirk: [io  0x4100-0x410f] claimed by PIIX4 SMB
[    0.829387] ACPI: PCI Interrupt Link [LNKA] (IRQs 5 9 10 *11)
[    0.838215] ACPI: PCI Interrupt Link [LNKB] (IRQs 5 9 *10 11)
[    0.844063] ACPI: PCI Interrupt Link [LNKC] (IRQs 5 *9 10 11)
[    0.852206] ACPI: PCI Interrupt Link [LNKD] (IRQs 5 9 10 *11)
[    0.860921] ACPI: Enabled 2 GPEs in block 00 to 07
[    0.864463] vgaarb: setting as boot device: PCI:0000:00:02.0
[    0.868000] vgaarb: device added: PCI:0000:00:02.0,decodes=io+mem,owns=io+mem,locks=none
[    0.868008] vgaarb: loaded
[    0.872004] vgaarb: bridge control possible 0000:00:02.0
[    0.876511] SCSI subsystem initialized
[    0.880280] ACPI: bus type USB registered
[    0.884064] usbcore: registered new interface driver usbfs
[    0.888060] usbcore: registered new interface driver hub
[    0.892020] usbcore: registered new device driver usb
[    0.900646] PCI: Using ACPI for IRQ routing
[    0.908183] NetLabel: Initializing
[    0.912003] NetLabel:  domain hash size = 128
[    0.916003] NetLabel:  protocols = UNLABELED CIPSOv4
[    0.920024] NetLabel:  unlabeled traffic allowed by default
[    0.928116] amd_nb: Cannot enumerate AMD northbridges
[    0.932339] clocksource: Switched to clocksource kvm-clock
[    0.941803] AppArmor: AppArmor Filesystem Enabled
[    0.941803] pnp: PnP ACPI init
[    0.941803] pnp: PnP ACPI: found 3 devices
[    1.033383] clocksource: acpi_pm: mask: 0xffffff max_cycles: 0xffffff, max_idle_ns: 2085701024 ns
[    1.036386] NET: Registered protocol family 2
[    1.048084] TCP established hash table entries: 8192 (order: 4, 65536 bytes)
[    1.050717] TCP bind hash table entries: 8192 (order: 5, 131072 bytes)
[    1.050717] TCP: Hash tables configured (established 8192 bind 8192)
[    1.050717] UDP hash table entries: 512 (order: 2, 16384 bytes)
[    1.050717] UDP-Lite hash table entries: 512 (order: 2, 16384 bytes)
[    1.050717] NET: Registered protocol family 1
[    1.050717] pci 0000:00:00.0: Limiting direct PCI/PCI transfers
[    1.050717] pci 0000:00:01.0: Activating ISA DMA hang workarounds
[    1.050717] Unpacking initramfs...
[    1.341894] Freeing initrd memory: 14888K
[    1.341894] clocksource: tsc: mask: 0xffffffffffffffff max_cycles: 0x100d4ba3281, max_idle_ns: 440795247735 ns
[    1.341894] platform rtc_cmos: registered platform RTC device (no PNP device found)
[    1.341894] Scanning for low memory corruption every 60 seconds
[    1.549628] audit: initializing netlink subsys (disabled)
[    1.557093] audit: type=2000 audit(1683801319.313:1): initialized
[    1.566270] Initialise system trusted keyring
[    1.580969] HugeTLB registered 2 MB page size, pre-allocated 0 pages
[    1.596307] zbud: loaded
[    1.600878] VFS: Disk quotas dquot_6.6.0
[    1.606593] VFS: Dquot-cache hash table entries: 512 (order 0, 4096 bytes)
[    1.610393] squashfs: version 4.0 (2009/01/31) Phillip Lougher
[    1.625550] fuse init (API version 7.23)
[    1.630726] Key type big_key registered
[    1.635118] Allocating IMA MOK and blacklist keyrings.
[    1.658854] Key type asymmetric registered
[    1.663317] Asymmetric key parser 'x509' registered
[    1.669432] Block layer SCSI generic (bsg) driver version 0.4 loaded (major 249)
[    1.680212] io scheduler noop registered
[    1.685726] io scheduler deadline registered (default)
[    1.691603] io scheduler cfq registered
[    1.695434] pci_hotplug: PCI Hot Plug PCI Core version: 0.5
[    1.695434] pciehp: PCI Express Hot Plug Controller Driver version: 0.4
[    1.695434] ACPI: AC Adapter [AC] (on-line)
[    1.695434] input: Power Button as /devices/LNXSYSTM:00/LNXPWRBN:00/input/input0
[    1.695434] ACPI: Power Button [PWRF]
[    1.695434] input: Sleep Button as /devices/LNXSYSTM:00/LNXSLPBN:00/input/input1
[    1.695434] ACPI: Sleep Button [SLPF]
[    1.734669] GHES: HEST is not enabled!
[    1.736271] ACPI: Battery Slot [BAT0] (battery present)
[    1.744328] Serial: 8250/16550 driver, 32 ports, IRQ sharing enabled
[    1.776289] 00:02: ttyS0 at I/O 0x3f8 (irq = 4, base_baud = 115200) is a 16550A
[    1.809525] Linux agpgart interface v0.103
[    1.830532] loop: module loaded
[    1.836846] scsi host0: ata_piix
[    1.842726] scsi host1: ata_piix
[    1.846713] ata1: PATA max UDMA/33 cmd 0x1f0 ctl 0x3f6 bmdma 0xd000 irq 14
[    1.853381] ata2: PATA max UDMA/33 cmd 0x170 ctl 0x376 bmdma 0xd008 irq 15
[    1.860592] libphy: Fixed MDIO Bus: probed
[    1.865216] tun: Universal TUN/TAP device driver, 1.6
[    1.870087] tun: (C) 1999-2004 Max Krasnyansky <maxk@qualcomm.com>
[    1.876766] PPP generic driver version 2.4.2
[    1.881682] ehci_hcd: USB 2.0 'Enhanced' Host Controller (EHCI) Driver
[    1.888245] ehci-pci: EHCI PCI platform driver
[    1.892109] ehci-platform: EHCI generic platform driver
[    1.897646] ohci_hcd: USB 1.1 'Open' Host Controller (OHCI) Driver
[    1.903707] ohci-pci: OHCI PCI platform driver
[    1.908273] ohci-platform: OHCI generic platform driver
[    1.912209] uhci_hcd: USB Universal Host Controller Interface driver
[    1.919490] i8042: PNP: PS/2 Controller [PNP0303:PS2K,PNP0f03:PS2M] at 0x60,0x64 irq 1,12
[    1.931111] serio: i8042 KBD port at 0x60,0x64 irq 1
[    1.936180] serio: i8042 AUX port at 0x60,0x64 irq 12
[    1.942290] mousedev: PS/2 mouse device common for all mice
[    1.953370] rtc_cmos rtc_cmos: rtc core: registered rtc_cmos as rtc0
[    1.960367] input: AT Translated Set 2 keyboard as /devices/platform/i8042/serio0/input/input2
[    1.969628] rtc_cmos rtc_cmos: alarms up to one day, 114 bytes nvram
[    1.975746] i2c /dev entries driver
[    1.979948] device-mapper: uevent: version 1.0.3
[    1.985067] device-mapper: ioctl: 4.34.0-ioctl (2015-10-28) initialised: dm-devel@redhat.com
[    1.993447] ledtrig-cpu: registered to indicate activity on CPUs
[    2.002275] NET: Registered protocol family 10
[    2.007449] NET: Registered protocol family 17
[    2.011980] Key type dns_resolver registered
[    2.047999] registered taskstats version 1
[    2.052286] Loading compiled-in X.509 certificates
[    2.057921] Loaded X.509 cert 'Build time autogenerated kernel key: cf00e047681d67edb2720680708b7d9498083038'
[    2.067381] zswap: loaded using pool lzo/zbud
[    2.093011] Key type trusted registered
[    2.105782] Key type encrypted registered
[    2.110191] AppArmor: AppArmor sha1 policy hashing enabled
[    2.115969] ima: No TPM chip found, activating TPM-bypass!
[    2.122300] ima: Allocated hash algorithm: sha1
[    2.127880] evm: HMAC attrs: 0x1
[    2.144389]   Magic number: 7:907:577
[    2.151098] rtc_cmos rtc_cmos: setting system clock to 2023-05-11 10:35:15 UTC (1683801315)
[    2.166088] BIOS EDD facility v0.16 2004-Jun-25, 0 devices found
[    2.173453] EDD information not available.
[    2.184085] Freeing unused kernel memory: 1492K
[    2.190050] Write protecting the kernel read-only data: 14336k
[    2.198580] Freeing unused kernel memory: 1584K
[    2.205062] Freeing unused kernel memory: 52K
Loading, please wait...
starting version 229
[    2.254727] random: systemd-udevd: uninitialized urandom read (16 bytes read, 9 bits of entropy available)
[    2.255957] random: udevadm: uninitialized urandom read (16 bytes read, 9 bits of entropy available)
[    2.255987] random: udevadm: uninitialized urandom read (16 bytes read, 9 bits of entropy available)
[    2.276908] random: udevadm: uninitialized urandom read (16 bytes read, 9 bits of entropy available)
[    2.277083] random: udevadm: uninitialized urandom read (16 bytes read, 9 bits of entropy available)
[    2.277181] random: udevadm: uninitialized urandom read (16 bytes read, 9 bits of entropy available)
[    2.277181] random: udevadm: uninitialized urandom read (16 bytes read, 9 bits of entropy available)
[    2.277181] random: udevadm: uninitialized urandom read (16 bytes read, 9 bits of entropy available)
[    2.277181] random: udevadm: uninitialized urandom read (16 bytes read, 9 bits of entropy available)
[    2.277181] random: udevadm: uninitialized urandom read (16 bytes read, 9 bits of entropy available)
[    2.422253] Fusion MPT base driver 3.04.20
[    2.428104] Copyright (c) 1999-2008 LSI Corporation
[    2.436427] e1000: Intel(R) PRO/1000 Network Driver - version 7.3.21-k8-NAPI
[    2.440019] e1000: Copyright (c) 1999-2006 Intel Corporation.
[    2.521461] SSE version of gcm_enc/dec engaged.
[    2.536273] Fusion MPT SPI Host driver 3.04.20
[    2.835271] input: ImExPS/2 Generic Explorer Mouse as /devices/platform/i8042/serio1/input/input4
[    3.235325] e1000 0000:00:03.0 eth0: (PCI:33MHz:32-bit) 02:be:82:6b:cc:1d
[    3.245988] e1000 0000:00:03.0 eth0: Intel(R) PRO/1000 Network Connection
[    3.257071] mptbase: ioc0: Initiating bringup
[    3.344972] ioc0: LSI53C1030 A0: Capabilities={Initiator}
[    3.537987] scsi host2: ioc0: LSI53C1030 A0, FwRev=00000000h, Ports=1, MaxQ=256, IRQ=20
[    3.658855] scsi 2:0:0:0: Direct-Access     VBOX     HARDDISK         1.0  PQ: 0 ANSI: 5
[    3.667159] scsi target2:0:0: Beginning Domain Validation
[    3.680353] scsi target2:0:0: Domain Validation skipping write tests
[    3.688134] scsi target2:0:0: Ending Domain Validation
[    3.694442] scsi target2:0:0: asynchronous
[    3.707556] scsi 2:0:1:0: Direct-Access     VBOX     HARDDISK         1.0  PQ: 0 ANSI: 5
[    3.716451] scsi target2:0:1: Beginning Domain Validation
[    3.728530] scsi target2:0:1: Domain Validation skipping write tests
[    3.736060] scsi target2:0:1: Ending Domain Validation
[    3.742351] scsi target2:0:1: asynchronous
[    3.765281] sd 2:0:0:0: [sda] 83886080 512-byte logical blocks: (42.9 GB/40.0 GiB)
[    3.774418] sd 2:0:0:0: Attached scsi generic sg0 type 0
[    3.781414] sd 2:0:0:0: [sda] Write Protect is off
[    3.813576] sd 2:0:1:0: [sdb] 20480 512-byte logical blocks: (10.5 MB/10.0 MiB)
[    3.822413] sd 2:0:1:0: Attached scsi generic sg1 type 0
[    3.829462] sd 2:0:1:0: [sdb] Write Protect is off
[    3.836792] sd 2:0:1:0: [sdb] Incomplete mode parameter data
[    3.843341] sd 2:0:1:0: [sdb] Assuming drive cache: write through
[    3.851851] sd 2:0:0:0: [sda] Incomplete mode parameter data
[    3.858792] sd 2:0:0:0: [sda] Assuming drive cache: write through
[    3.876921]  sda: sda1
[    3.883454] sd 2:0:1:0: [sdb] Attached SCSI disk
[    3.892452] sd 2:0:0:0: [sda] Attached SCSI disk
[    4.494462] e1000 0000:00:08.0 eth1: (PCI:33MHz:32-bit) 08:00:27:5b:2c:7b
[    4.498176] e1000 0000:00:08.0 eth1: Intel(R) PRO/1000 Network Connection
[    4.513791] e1000 0000:00:08.0 enp0s8: renamed from eth1
[    4.763240] e1000 0000:00:03.0 enp0s3: renamed from eth0
Begin: Loading essential drivers ... [    6.631733] md: linear personality registered for level -1
[    6.644733] md: multipath personality registered for level -4
[    6.656006] md: raid0 personality registered for level 0
[    6.678710] md: raid1 personality registered for level 1
[    7.326421] raid6: sse2x1   gen() 82056 MB/s
[    8.326075] raid6: sse2x1   xor() 84031 MB/s
[   10.341175] raid6: sse2x2   gen() 160978 MB/s
[   12.338362] raid6: sse2x2   xor() 97434 MB/s
[   12.417182] raid6: sse2x4   gen() 10039 MB/s
[   12.499488] raid6: sse2x4   xor()  6648 MB/s
[   12.504548] raid6: using algorithm sse2x2 gen() 160978 MB/s
[   12.511299] raid6: .... xor() 97434 MB/s, rmw enabled
[   12.516993] raid6: using ssse3x2 recovery algorithm
[   12.526289] xor: measuring software checksum speed
[   12.568131]    prefetch64-sse: 12477.000 MB/sec
[   12.613447]    generic_sse: 12074.000 MB/sec
[   12.618547] xor: using function: prefetch64-sse (12477.000 MB/sec)
[   12.628751] async_tx: api initialized (async)
[   12.686227] md: raid6 personality registered for level 6
[   12.691880] md: raid5 personality registered for level 5
[   12.698397] md: raid4 personality registered for level 4
[   12.731099] md: raid10 personality registered for level 10
done.
Begin: Running /scripts/init-premount ... done.
Begin: Mounting root file system ... Begin: Running /scripts/local-top ... done.
Begin: Running /scripts/local-premount ... [   12.834368] Btrfs loaded
Scanning for Btrfs filesystems
done.
Warning: fsck not present, so skipping root file system
[   12.925838] EXT4-fs (sda1): mounted filesystem with ordered data mode. Opts: (null)
done.
Begin: Running /scripts/local-bottom ... done.
Begin: Running /scripts/init-bottom ... done.
[   13.232906] systemd[1]: systemd 229 running in system mode. (+PAM +AUDIT +SELINUX +IMA +APPARMOR +SMACK +SYSVINIT +UTMP +LIBCRYPTSETUP +GCRYPT +GNUTLS +ACL +XZ -LZ4 +SECCOMP +BLKID +ELFUTILS +KMOD -IDN)
[   13.249939] systemd[1]: Detected virtualization oracle.
[   13.255101] systemd[1]: Detected architecture x86-64.

Welcome to [1mUbuntu 16.04.7 LTS[0m!

[   13.272324] systemd[1]: Set hostname to <ubuntu>.
[   13.285742] systemd[1]: Initializing machine ID from random generator.
[   13.292578] systemd[1]: Installed transient /etc/machine-id file.
[   13.664209] systemd[1]: Listening on Journal Socket (/dev/log).
[[0;32m  OK  [0m] Listening on Journal Socket (/dev/log).
[   13.674308] systemd[1]: Listening on LVM2 metadata daemon socket.
[[0;32m  OK  [0m] Listening on LVM2 metadata daemon socket.
[   13.684542] systemd[1]: Listening on LVM2 poll daemon socket.
[[0;32m  OK  [0m] Listening on LVM2 poll daemon socket.
[   13.693982] systemd[1]: Listening on Journal Audit Socket.
[[0;32m  OK  [0m] Listening on Journal Audit Socket.
[   13.703056] systemd[1]: Listening on Journal Socket.
[[0;32m  OK  [0m] Listening on Journal Socket.
[   13.711650] systemd[1]: Started Trigger resolvconf update for networkd DNS.
[[0;32m  OK  [0m] Started Trigger resolvconf update for networkd DNS.
[   13.722297] systemd[1]: Listening on Device-mapper event daemon FIFOs.
[[0;32m  OK  [0m] Listening on Device-mapper event daemon FIFOs.
[   13.733416] systemd[1]: Created slice System Slice.
[[0;32m  OK  [0m] Created slice System Slice.
[   13.764700] systemd[1]: Starting Load Kernel Modules...
[   13.766574] random: nonblocking pool is initialized
         Starting Load Kernel Modules...
[   13.784756] systemd[1]: Starting Nameserver information manager...
         Starting Nameserver information manager...
[   13.799147] Loading iSCSI transport class v2.0-870.
[   13.800283] systemd[1]: Starting Create list of required static device nodes for the current kernel...
         Starting Create list of required st... nodes for the current kernel...
[   13.828958] systemd[1]: Started Forward Password Requests to Wall Directory Watch.
[[0;32m  OK  [0m] Started Forward Password Requests to Wall Directory Watch.[   13.846187] iscsi: registered transport (tcp)

[   13.850441] systemd[1]: Starting Monitoring of LVM2 mirrors, snapshots etc. using dmeventd or progress polling...
         Starting Monitoring of LVM2 mirrors... dmeventd or progress polling...
[   13.874894] systemd[1]: Set up automount Arbitrary Executable File Formats File System Automount Point.
[[0;32m  OK  [0m] Set up automount Arbitrary Executab...ats File System Automount Point.
[   13.900959] systemd[1]: Listening on fsck to fsckd communication Socket.
[[0;32m  OK  [0m] Listening on fsck to fsckd communication Socket.
[   13.937790] systemd[1]: Starting File System Check on Root Device...
         Starting File System Check on Root Device...
[   13.952954] systemd[1]: Reached target System Time Synchronized.
[[0;32m  OK  [0m] Reached target System Time Synchronized.
[   13.966513] systemd[1]: Created slice User and Session Slice.
[[0;32m  OK  [0m] Created slice User and Session Slice.
[   13.978262] systemd[1]: Reached target Slices.
[[0;32m  OK  [0m] Reached target Slices.
[   13.993027] systemd[1]: Reached target User and Group Name Lookups.
[[0;32m  OK  [0m] Reached target User and Group Name Lookups.
[   14.033574] iscsi: registered transport (iser)
[   14.039038] systemd[1]: Mounting POSIX Message Queue File System...
         Mounting POSIX Message Queue File System...
[   14.050473] systemd[1]: Listening on udev Kernel Socket.
[[0;32m  OK  [0m] Listening on udev Kernel Socket.
[   14.061398] systemd[1]: Starting Uncomplicated firewall...
         Starting Uncomplicated firewall...
[   14.071812] systemd[1]: Reached target Swap.
[[0;32m  OK  [0m] Reached target Swap.
[   14.081146] systemd[1]: Mounting Huge Pages File System...
         Mounting Huge Pages File System...
[   14.093923] systemd[1]: Listening on udev Control Socket.
[[0;32m  OK  [0m] Listening on udev Control Socket.
[   14.106148] systemd[1]: Listening on Syslog Socket.
[[0;32m  OK  [0m] Listening on Syslog Socket.
[   14.115499] systemd[1]: Starting Journal Service...
         Starting Journal Service...
[   14.127791] systemd[1]: Listening on /dev/initctl Compatibility Named Pipe.
[[0;32m  OK  [0m] Listening on /dev/initctl Compatibility Named Pipe.
[   14.142214] systemd[1]: Reached target Encrypted Volumes.
[[0;32m  OK  [0m] Reached target Encrypted Volumes.
[   14.165175] systemd[1]: Starting Set console keymap...
         Starting Set console keymap...
[   14.178652] systemd[1]: Mounting Debug File System...
         Mounting Debug File System...
[   14.193073] systemd[1]: Created slice system-serial\x2dgetty.slice.
[[0;32m  OK  [0m] Created slice system-serial\x2dgetty.slice.
[   14.208368] systemd[1]: Mounted Huge Pages File System.
[[0;32m  OK  [0m] Mounted Huge Pages File System.
[   14.224958] systemd[1]: Mounted POSIX Message Queue File System.
[[0;32m  OK  [0m] Mounted POSIX Message Queue File System.
[   14.239753] systemd[1]: Mounted Debug File System.
[[0;32m  OK  [0m] Mounted Debug File System.
[   14.251284] systemd[1]: Started Journal Service.
[[0;32m  OK  [0m] Started Journal Service.
[[0;32m  OK  [0m] Started Load Kernel Modules.
[[0;32m  OK  [0m] Started Create list of required sta...ce nodes for the current kernel.
[[0;32m  OK  [0m] Started File System Check on Root Device.
[[0;32m  OK  [0m] Started Uncomplicated firewall.
[[0;32m  OK  [0m] Started Set console keymap.
[[0;32m  OK  [0m] Started Nameserver information manager.
[[0;32m  OK  [0m] Started File System Check Daemon to report status.
[[0;32m  OK  [0m] Started LVM2 metadata daemon.
         Starting Remount Root and Kernel File Systems...
[   14.398384] EXT4-fs (sda1): re-mounted. Opts: (null)
         Starting Create Static Device Nodes in /dev...
         Starting Apply Kernel Variables...
         Mounting FUSE Control File System...
[[0;32m  OK  [0m] Mounted FUSE Control File System.
[[0;32m  OK  [0m] Started Monitoring of LVM2 mirrors,...ng dmeventd or progress polling.
[[0;32m  OK  [0m] Started Remount Root and Kernel File Systems.
[[0;32m  OK  [0m] Started Create Static Device Nodes in /dev.
[[0;32m  OK  [0m] Started Apply Kernel Variables.
         Starting udev Kernel Device Manager...
         Starting udev Coldplug all Devices...
         Starting Flush Journal to Persistent Storage...
         Starting Load/Save Random Seed...
[[0;32m  OK  [0m] Reached target Local File Systems (Pre).
[[0;32m  OK  [0m] Reached target Local File Systems.
         Starting Initial cloud-init job (pre-networking)...
         Starting Set console font and keymap...
         Starting Tell Plymouth To Write Out Runtime Data...
         Starting LSB: AppArmor initialization...
         Starting Commit a transient machine-id on disk...
[[0;32m  OK  [0m] Started udev Kernel Device Manager.
[[0;32m  OK  [0m] Started Load/Save Random Seed.
[[0;32m  OK  [0m] Started Tell Plymouth To Write Out Runtime Data.
[[0;32m  OK  [0m] Started Commit a transient machine-id on disk.
[[0;32m  OK  [0m] Started Flush Journal to Persistent Storage.
[[0;32m  OK  [0m] Started udev Coldplug all Devices.
[[0;32m  OK  [0m] Started Dispatch Password Requests to Console Directory Watch.
         Starting Create Volatile Files and Directories...
[[0;32m  OK  [0m] Started Create Volatile Files and Directories.
         Starting Update UTMP about System Boot/Shutdown...
[[0;32m  OK  [0m] Started Update UTMP about System Boot/Shutdown.
[[0;32m  OK  [0m] Found device /dev/ttyS0.
[[0;32m  OK  [0m] Listening on Load/Save RF Kill Switch Status /dev/rfkill Watch.
[[0;32m  OK  [0m] Started LSB: AppArmor initialization.
[   17.582093] cloud-init[474]: Cloud-init v. 21.1-19-gbad84ad4-0ubuntu1~16.04.2 running 'init-local' at Thu, 11 May 2023 10:35:30 +0000. Up 16.73 seconds.
         Starting Load AppArmor profiles managed internally by snapd...
[[0;32m  OK  [0m] Started Initial cloud-init job (pre-networking).
[[0;32m  OK  [0m] Reached target Network (Pre).
         Starting Raise network interfaces...
[[0;32m  OK  [0m] Started Set console font and keymap.
[[0;32m  OK  [0m] Started Load AppArmor profiles managed internally by snapd.
[[0;32m  OK  [0m] Created slice system-getty.slice.
[[0;32m  OK  [0m] Started Raise network interfaces.
[[0;32m  OK  [0m] Reached target Network.
         Starting Initial cloud-init job (metadata service crawler)...
[   20.684471] cloud-init[969]: Cloud-init v. 21.1-19-gbad84ad4-0ubuntu1~16.04.2 running 'init' at Thu, 11 May 2023 10:35:32 +0000. Up 19.56 seconds.
[   20.691969] cloud-init[969]: ci-info: ++++++++++++++++++++++++++++++++++++++Net device info+++++++++++++++++++++++++++++++++++++++
[   20.698326] cloud-init[969]: ci-info: +--------+-------+----------------------------+---------------+--------+-------------------+
[   20.704881] cloud-init[969]: ci-info: | Device |   Up  |          Address           |      Mask     | Scope  |     Hw-Address    |
[   20.713165] cloud-init[969]: ci-info: +--------+-------+----------------------------+---------------+--------+-------------------+
[   20.720139] cloud-init[969]: ci-info: | enp0s3 |  True |         10.0.2.15          | 255.255.255.0 | global | 02:be:82:6b:cc:1d |
[   20.726655] cloud-init[969]: ci-info: | enp0s3 |  True | fe80::be:82ff:fe6b:cc1d/64 |       .       |  link  | 02:be:82:6b:cc:1d |
[   20.732858] cloud-init[969]: ci-info: | enp0s8 | False |             .              |       .       |   .    | 08:00:27:5b:2c:7b |
[   20.738792] cloud-init[969]: ci-info: |   lo   |  True |         127.0.0.1          |   255.0.0.0   |  host  |         .         |
[   20.744801] cloud-init[969]: ci-info: |   lo   |  True |          ::1/128           |       .       |  host  |         .         |
[   20.750559] cloud-init[969]: ci-info: +--------+-------+----------------------------+---------------+--------+-------------------+
[   20.756759] cloud-init[969]: ci-info: +++++++++++++++++++++++++++Route IPv4 info++++++++++++++++++++++++++++
[   20.762086] cloud-init[969]: ci-info: +-------+-------------+----------+---------------+-----------+-------+
[   20.767163] cloud-init[969]: ci-info: | Route | Destination | Gateway  |    Genmask    | Interface | Flags |
[   20.777554] cloud-init[969]: ci-info: +-------+-------------+----------+---------------+-----------+-------+
[   20.789218] cloud-init[969]: ci-info: |   0   |   0.0.0.0   | 10.0.2.2 |    0.0.0.0    |   enp0s3  |   UG  |
[   20.801046] cloud-init[969]: ci-info: |   1   |   10.0.2.0  | 0.0.0.0  | 255.255.255.0 |   enp0s3  |   U   |
[   20.812294] cloud-init[969]: ci-info: +-------+-------------+----------+---------------+-----------+-------+
[[0;32m  OK  [0m] Started Initial cloud-init job (metadata service crawler).
[   20.824452] cloud-init[969]: ci-info: +++++++++++++++++++Route IPv6 info+++++++++++++++++++
[[   20.834902] cloud-init[969]: ci-info: +-------+-------------+---------+-----------+-------+
[   20.837166] cloud-init[969]: ci-info: | Route | Destination | Gateway | Interface | Flags |
[   20.837214] cloud-init[969]: ci-info: +-------+-------------+---------+-----------+-------+
[   20.838430] cloud-init[969]: ci-info: |   0   |  fe80::/64  |    ::   |   enp0s3  |   U   |
[   20.838909] cloud-init[969]: ci-info: |   3   |   ff00::/8  |    ::   |   enp0s3  |   U   |
[   20.839357] cloud-init[969]: ci-info: +-------+-------------+---------+-----------+-------+
[   20.839902] cloud-init[969]: Generating public/private rsa key pair.
[   20.840964] cloud-init[969]: Your identification has been saved in /etc/ssh/ssh_host_rsa_key.
[   20.841436] cloud-init[969]: Your public key has been saved in /etc/ssh/ssh_host_rsa_key.pub.
[   20.841940] cloud-init[969]: The key fingerprint is:
[   20.842413] cloud-init[969]: SHA256:93fsdB96MXlG1XBuDovqcRDrXKuYu3A2FZZ+sIdr4DA root@ubuntu-xenial
[   20.842880] cloud-init[969]: The key's randomart image is:
[   20.843375] cloud-init[969]: +---[RSA 2048]----+
[   20.843876] cloud-init[969]: |              ..o|
[   20.844894] cloud-init[969]: |           .   oo|
[   20.845398] cloud-init[969]: |          *   . +|
[   20.845876] cloud-init[969]: |         o B . =.|
[   20.846778] cloud-init[969]: |      E S O = ..o|
[   20.847131] cloud-init[969]: |       + * O . =o|
[   20.847504] cloud-init[969]: |      . = B + .oO|
[   20.847959] cloud-init[969]: |       + * + ..=+|
[   20.848981] cloud-init[969]: |        =oo  .. o|
[   20.849450] cloud-init[969]: +----[SHA256]-----+
[   20.849971] cloud-init[969]: Generating public/private dsa key pair.
[   20.850334] cloud-init[969]: Your identification has been saved in /etc/ssh/ssh_host_dsa_key.
[   20.850706] cloud-init[969]: Your public key has been saved in /etc/ssh/ssh_host_dsa_key.pub.
[   20.851135] cloud-init[969]: The key fingerprint is:
[   20.851500] cloud-init[969]: SHA256:gIfwZZmmQVMEX0MBCmOFIO3ylf2qRX/PhM6Si99zGKk root@ubuntu-xenial
[   20.852485] cloud-init[969]: The key's randomart image is:
[   20.852939] cloud-init[969]: +---[DSA 1024]----+
[   20.853404] cloud-init[969]: |oo=+=+*==.       |
[   20.854087] cloud-init[969]: |..o=.O+. .       |
[   20.854557] cloud-init[969]: | .  =*+          |
[   20.855054] cloud-init[969]: |. . +...         |
[   20.855522] cloud-init[969]: | o .  ..S  .     |
[   20.855981] cloud-init[969]: |  .  . .. o.     |
[   20.856805] cloud-init[969]: |      ...ooo.    |
[   20.857165] cloud-init[969]: |     ...E=o+.    |
[   20.857534] cloud-init[969]: |    ....oo+oo    |
[   20.857902] cloud-init[969]: +----[SHA256]-----+
[   20.858790] cloud-init[969]: Generating public/private ecdsa key pair.
[   20.859239] cloud-init[969]: Your identification has been saved in /etc/ssh/ssh_host_ecdsa_key.
[   20.859701] cloud-init[969]: Your public key has been saved in /etc/ssh/ssh_host_ecdsa_key.pub.
[   20.860791] cloud-init[969]: The key fingerprint is:
[   20.861267] cloud-init[969]: SHA256:GfpHJle7BU4puxyVZYUz5tXeaDOL0MNc1zbfj0q9ryM root@ubuntu-xenial
[   20.861726] cloud-init[969]: The key's randomart image is:
[   20.862267] cloud-init[969]: +---[ECDSA 256]---+
[   20.862757] cloud-init[969]: |              oo+|
[   20.863230] cloud-init[969]: |             =*.*|
[   20.863778] cloud-init[969]: |        . .+B+ O=|
[   20.864844] cloud-init[969]: |       . o.B=o* =|
[   20.865318] cloud-init[969]: |      . S *.o=.=.|
[   20.865770] cloud-init[969]: |       . * ooo+ .|
[   20.866125] cloud-init[969]: |        . +... . |
[   20.866496] cloud-init[969]: |         .  E o  |
[   20.866861] cloud-init[969]: |             ..+.|
[   20.867234] cloud-init[969]: +----[SHA256]-----+
[   20.867645] cloud-init[969]: Generating public/private ed25519 key pair.
[   20.868015] cloud-init[969]: Your identification has been saved in /etc/ssh/ssh_host_ed25519_key.
[   20.868999] cloud-init[969]: Your public key has been saved in /etc/ssh/ssh_host_ed25519_key.pub.
[   20.869459] cloud-init[969]: The key fingerprint is:
[   20.869923] cloud-init[969]: SHA256:5QRcr5nNqd1eqHIUFO2c1aeN1NTtyHzXbIbsqLAPoFU root@ubuntu-xenial
[   20.870419] cloud-init[969]: The key's randomart image is:
[   20.870911] cloud-init[969]: +--[ED25519 256]--+
[   20.871398] cloud-init[969]: |       .... .o o=|
[   20.871911] cloud-init[969]: |        .. .. o B|
[   20.873258] cloud-init[969]: |        E o..B @o|
[   20.873555] cloud-init[969]: |       . + *..% X|
[   20.874022] cloud-init[969]: |      o S = ++ +.|
[   20.874572] cloud-init[969]: |     o ..  oo... |
[   20.875057] cloud-init[969]: |    .   .o.o. o .|
[   20.875534] cloud-init[969]: |        ..o .o . |
[   20.876008] cloud-init[969]: |         ..o. .  |
[   20.877087] cloud-init[969]: +----[SHA256]-----+
[0;32m  OK  [0m] Reached target Cloud-config availability.
[[0;32m  OK  [0m] Reached target System Initialization.
[[0;32m  OK  [0m] Listening on UUID daemon activation socket.
[[0;32m  OK  [0m] Started Daily Cleanup of Temporary Directories.
         Starting Socket activation for snappy daemon.
[[0;32m  OK  [0m] Listening on ACPID Listen Socket.
[[0;32m  OK  [0m] Started Daily apt download activities.
[[0;32m  OK  [0m] Started Daily apt upgrade and clean activities.
[[0;32m  OK  [0m] Started Ubuntu Advantage update messaging.
[[0;32m  OK  [0m] Started Message of the Day.
[[0;32m  OK  [0m] Reached target Timers.
[[0;32m  OK  [0m] Listening on D-Bus System Message Bus Socket.
[[0;32m  OK  [0m] Started ACPI Events Check.
[[0;32m  OK  [0m] Reached target Paths.
         Starting LXD - unix socket.
[[0;32m  OK  [0m] Reached target Network is Online.
         Starting iSCSI initiator daemon (iscsid)...
[[0;32m  OK  [0m] Listening on Socket activation for snappy daemon.
[[0;32m  OK  [0m] Listening on LXD - unix socket.
[[0;32m  OK  [0m] Reached target Sockets.
[[0;32m  OK  [0m] Reached target Basic System.
[[0;32m  OK  [0m] Started ACPI event daemon.
         Starting System Logging Service...
         Starting LSB: Record successful boot for GRUB...
         Starting Accounts Service...
         Starting Virtualbox guest utils...
         Starting LXD - container startup/shutdown...
[[0;32m  OK  [0m] Started Regular background program processing daemon.
[[0;32m  OK  [0m] Started FUSE filesystem for LXC.
         Starting LSB: MD monitoring daemon...
         Starting Pollinate to seed the pseudo random number generator...
[[0;32m  OK  [0m] Started Deferred execution scheduler.
         Starting Login Service...
[[0;32m  OK  [0m] Started D-Bus System Message Bus.
         Starting /etc/rc.local Compatibility...
         Starting Snap Daemon...
[[0;32m  OK  [0m] Started System Logging Service.
[[0;32m  OK  [0m] Started iSCSI initiator daemon (iscsid).
[[0;32m  OK  [0m] Started /etc/rc.local Compatibility.
[[0;32m  OK  [0m] Started Login Service.
[[0;32m  OK  [0m] Started Unattended Upgrades Shutdown.
         Starting Authenticate and Authorize Users to Run Privileged Tasks...
         Starting Login to default iSCSI targets...
[[0;32m  OK  [0m] Started LSB: MD monitoring daemon.
[[0;32m  OK  [0m] Started LSB: Record successful boot for GRUB.
[[0;32m  OK  [0m] Started LXD - container startup/shutdown.
[[0;32m  OK  [0m] Started Login to default iSCSI targets.
[[0;32m  OK  [0m] Started Authenticate and Authorize Users to Run Privileged Tasks.
[[0;32m  OK  [0m] Started Accounts Service.
[[0;32m  OK  [0m] Reached target Remote File Systems (Pre).
[[0;32m  OK  [0m] Reached target Remote File Systems.
         Starting LSB: daemon to balance interrupts for SMP systems...
         Starting LSB: automatic crash report generation...
         Starting Permit User Sessions...
         Starting LSB: Set the CPU Frequency Scaling governor to "ondemand"...
[[0;32m  OK  [0m] Started Virtualbox guest utils.
[[0;32m  OK  [0m] Started Permit User Sessions.
         Starting Terminate Plymouth Boot Screen...
         Starting Hold until boot process finishes up...
[[0;32m  OK  [0m] Started Terminate Plymouth Boot Screen.
[[0;32m  OK  [0m] Started Hold until boot process finishes up.
[[0;32m  OK  [0m] Started Getty on tty1.
[[0;32m  OK  [0m] Started Serial Getty on ttyS0.
[[0;32m  OK  [0m] Reached target Login Prompts.
         Starting Set console scheme...
[[0;32m  OK  [0m] Started LSB: daemon to balance interrupts for SMP systems.
[[0;32m  OK  [0m] Started LSB: Set the CPU Frequency Scaling governor to "ondemand".
[[0;32m  OK  [0m] Started Set console scheme.
[[0;32m  OK  [0m] Started LSB: automatic crash report generation.
[[0;32m  OK  [0m] Started Pollinate to seed the pseudo random number generator.
         Starting OpenBSD Secure Shell server...
[[0;32m  OK  [0m] Started OpenBSD Secure Shell server.
[[0;32m  OK  [0m] Started Snap Daemon.
         Starting Wait until snapd is fully seeded...
[[0;32m  OK  [0m] Started Wait until snapd is fully seeded.
[[0;32m  OK  [0m] Reached target Multi-User System.
[[0;32m  OK  [0m] Reached target Graphical Interface.
         Starting Update UTMP about System Runlevel Changes...
         Starting Apply the settings specified in cloud-config...
[[0;32m  OK  [0m] Started Update UTMP about System Runlevel Changes.
[   25.117161] cloud-init[1316]: Generating locales (this might take a while)...
[[0;32m  OK  [0m] Created slice User Slice of vagrant.
         Starting User Manager for UID 1000...
[[0;32m  OK  [0m] Started Session 1 of user vagrant.
[[0;32m  OK  [0m] Started User Manager for UID 1000.
[   26.878946] cloud-init[1316]:   en_US.UTF-8... done
[   26.886274] cloud-init[1316]: Generation complete.
[   27.767221] cloud-init[1316]: Cloud-init v. 21.1-19-gbad84ad4-0ubuntu1~16.04.2 running 'modules:config' at Thu, 11 May 2023 10:35:38 +0000. Up 24.94 seconds.

Ubuntu 16.04.7 LTS ubuntu-xenial ttyS0

ubuntu-xenial login: ci-info: no authorized SSH keys fingerprints found for user ubuntu.
<14>May 11 10:35:42 ec2: 
<14>May 11 10:35:42 ec2: #############################################################
<14>May 11 10:35:42 ec2: -----BEGIN SSH HOST KEY FINGERPRINTS-----
<14>May 11 10:35:42 ec2: 1024 SHA256:gIfwZZmmQVMEX0MBCmOFIO3ylf2qRX/PhM6Si99zGKk root@ubuntu-xenial (DSA)
<14>May 11 10:35:42 ec2: 256 SHA256:GfpHJle7BU4puxyVZYUz5tXeaDOL0MNc1zbfj0q9ryM root@ubuntu-xenial (ECDSA)
<14>May 11 10:35:42 ec2: 256 SHA256:5QRcr5nNqd1eqHIUFO2c1aeN1NTtyHzXbIbsqLAPoFU root@ubuntu-xenial (ED25519)
<14>May 11 10:35:42 ec2: 2048 SHA256:93fsdB96MXlG1XBuDovqcRDrXKuYu3A2FZZ+sIdr4DA root@ubuntu-xenial (RSA)
<14>May 11 10:35:42 ec2: -----END SSH HOST KEY FINGERPRINTS-----
<14>May 11 10:35:42 ec2: #############################################################
-----BEGIN SSH HOST KEY KEYS-----
ecdsa-sha2-nistp256 AAAAE2VjZHNhLXNoYTItbmlzdHAyNTYAAAAIbmlzdHAyNTYAAABBBJNiFb8/+4EW7LjcLLLRw6Hj6vKUdGlI0+ZZqSATiqwhFagsIrxQtnjhhg9R84La6mbxbqNtq8gbgseV5WcOM0I= root@ubuntu-xenial
ssh-ed25519 AAAAC3NzaC1lZDI1NTE5AAAAINc7ZcRkpukBvk4LJFoQVuO9woRQt8hVGxlXR7kZ96e5 root@ubuntu-xenial
ssh-rsa AAAAB3NzaC1yc2EAAAADAQABAAABAQCsBytPkJvw/GAth1dM/hwwQDhNUi+xpTeNNkb01VVqNgV6Pe3v+uXHJyhGVHYSltUtC4tKyMvNQnQjuV57CLP5Wc20vXuKFr9mZ3BlBnDRUaJDAlM/MzP0LcHY+wjztcTQaC7IZT/SUiexefherErIufuZz0E/VSMqlKlbcTZSS6vSrGPslBAeg/NbbDZks8BwoGQh3r6kFRcU66JxhDatlajQM7tBElKGIKPomz49seR0QxGOwRsdsm0D/X6tLMWsYvjVUg+Gq6YfqG9hH4fwG6EKCCRUdpAg8MRQx4uTSDO2rhNrLpl7CL1WqFX5cWnXwvh6y1ImBd+O6aB1Cqet root@ubuntu-xenial
-----END SSH HOST KEY KEYS-----
[   28.950101] cloud-init[1432]: Cloud-init v. 21.1-19-gbad84ad4-0ubuntu1~16.04.2 running 'modules:final' at Thu, 11 May 2023 10:35:41 +0000. Up 28.55 seconds.
[   28.950470] cloud-init[1432]: ci-info: no authorized SSH keys fingerprints found for user ubuntu.
[   28.951227] cloud-init[1432]: Cloud-init v. 21.1-19-gbad84ad4-0ubuntu1~16.04.2 finished at Thu, 11 May 2023 10:35:42 +0000. Datasource DataSourceNoCloud [seed=/dev/sdb][dsmode=net].  Up 28.88 seconds
